// Jest Snapshot v1, https://goo.gl/fbAQLP

exports[`AlternativeOptionButton matches the snapshot 1`] = `
<View
  accessibilityRole="button"
  accessibilityState={
    {
      "busy": undefined,
      "checked": undefined,
      "disabled": undefined,
      "expanded": undefined,
      "selected": undefined,
    }
  }
  accessibilityValue={
    {
      "max": undefined,
      "min": undefined,
      "now": undefined,
      "text": undefined,
    }
  }
  accessible={true}
  collapsable={false}
  focusable={true}
  onClick={[Function]}
  onResponderGrant={[Function]}
  onResponderMove={[Function]}
  onResponderRelease={[Function]}
  onResponderTerminate={[Function]}
  onResponderTerminationRequest={[Function]}
  onStartShouldSetResponder={[Function]}
  style={
    {
      "alignItems": "center",
      "backgroundColor": "#f0f0f0",
      "borderRadius": 8,
      "flexDirection": "row",
      "gap": 4,
      "justifyContent": "center",
      "marginBottom": 32,
      "opacity": 0.7,
      "paddingVertical": 12,
    }
  }
>
  <Text
    style={
      {
        "color": "#333",
        "fontSize": 14,
        "textAlign": "center",
      }
    }
  >
    I'd prefer to speak with a GP
  </Text>
</View>
`;
